\BOOKMARK [0][-]{chapter.1}{\376\377\0001\000\040\000C\000l\000a\000s\000s\000\040\000I\000n\000d\000e\000x}{}% 1
\BOOKMARK [1][-]{section.1.1}{\376\377\0001\000.\0001\000\040\000C\000l\000a\000s\000s\000\040\000L\000i\000s\000t}{chapter.1}% 2
\BOOKMARK [0][-]{chapter.2}{\376\377\0002\000\040\000F\000i\000l\000e\000\040\000I\000n\000d\000e\000x}{}% 3
\BOOKMARK [1][-]{section.2.1}{\376\377\0002\000.\0001\000\040\000F\000i\000l\000e\000\040\000L\000i\000s\000t}{chapter.2}% 4
\BOOKMARK [0][-]{chapter.3}{\376\377\0003\000\040\000C\000l\000a\000s\000s\000\040\000D\000o\000c\000u\000m\000e\000n\000t\000a\000t\000i\000o\000n}{}% 5
\BOOKMARK [1][-]{section.3.1}{\376\377\0003\000.\0001\000\040\000A\000c\000t\000i\000v\000a\000t\000i\000o\000n\000F\000u\000n\000c\000t\000i\000o\000n\000\040\000S\000t\000r\000u\000c\000t\000\040\000R\000e\000f\000e\000r\000e\000n\000c\000e}{chapter.3}% 6
\BOOKMARK [2][-]{subsection.3.1.1}{\376\377\0003\000.\0001\000.\0001\000\040\000D\000e\000t\000a\000i\000l\000e\000d\000\040\000D\000e\000s\000c\000r\000i\000p\000t\000i\000o\000n}{section.3.1}% 7
\BOOKMARK [1][-]{section.3.2}{\376\377\0003\000.\0002\000\040\000C\000o\000l\000u\000m\000n\000D\000a\000t\000a\000\040\000S\000t\000r\000u\000c\000t\000\040\000R\000e\000f\000e\000r\000e\000n\000c\000e}{chapter.3}% 8
\BOOKMARK [2][-]{subsection.3.2.1}{\376\377\0003\000.\0002\000.\0001\000\040\000D\000e\000t\000a\000i\000l\000e\000d\000\040\000D\000e\000s\000c\000r\000i\000p\000t\000i\000o\000n}{section.3.2}% 9
\BOOKMARK [1][-]{section.3.3}{\376\377\0003\000.\0003\000\040\000C\000o\000n\000f\000i\000g\000u\000r\000a\000t\000i\000o\000n\000\040\000S\000t\000r\000u\000c\000t\000\040\000R\000e\000f\000e\000r\000e\000n\000c\000e}{chapter.3}% 10
\BOOKMARK [2][-]{subsection.3.3.1}{\376\377\0003\000.\0003\000.\0001\000\040\000D\000e\000t\000a\000i\000l\000e\000d\000\040\000D\000e\000s\000c\000r\000i\000p\000t\000i\000o\000n}{section.3.3}% 11
\BOOKMARK [1][-]{section.3.4}{\376\377\0003\000.\0004\000\040\000D\000a\000t\000a\000P\000r\000e\000p\000r\000o\000c\000e\000s\000s\000o\000r\000\040\000C\000l\000a\000s\000s\000\040\000R\000e\000f\000e\000r\000e\000n\000c\000e}{chapter.3}% 12
\BOOKMARK [2][-]{subsection.3.4.1}{\376\377\0003\000.\0004\000.\0001\000\040\000D\000e\000t\000a\000i\000l\000e\000d\000\040\000D\000e\000s\000c\000r\000i\000p\000t\000i\000o\000n}{section.3.4}% 13
\BOOKMARK [2][-]{subsection.3.4.2}{\376\377\0003\000.\0004\000.\0002\000\040\000M\000e\000m\000b\000e\000r\000\040\000F\000u\000n\000c\000t\000i\000o\000n\000\040\000D\000o\000c\000u\000m\000e\000n\000t\000a\000t\000i\000o\000n}{section.3.4}% 14
\BOOKMARK [3][-]{subsubsection.3.4.2.1}{\376\377\0003\000.\0004\000.\0002\000.\0001\000\040\000f\000i\000t\000\050\000\051}{subsection.3.4.2}% 15
\BOOKMARK [3][-]{subsubsection.3.4.2.2}{\376\377\0003\000.\0004\000.\0002\000.\0002\000\040\000i\000n\000t\000e\000r\000p\000r\000e\000t\000\137\000e\000x\000t\000r\000a\000c\000t\000e\000d\000\137\000c\000o\000l\000u\000m\000n\000\050\000\051}{subsection.3.4.2}% 16
\BOOKMARK [3][-]{subsubsection.3.4.2.3}{\376\377\0003\000.\0004\000.\0002\000.\0003\000\040\000t\000r\000a\000n\000s\000f\000o\000r\000m\000\137\000a\000n\000d\000\137\000e\000x\000t\000r\000a\000c\000t\000\050\000\051}{subsection.3.4.2}% 17
\BOOKMARK [1][-]{section.3.5}{\376\377\0003\000.\0005\000\040\000L\000o\000s\000s\000F\000u\000n\000c\000t\000i\000o\000n\000\040\000S\000t\000r\000u\000c\000t\000\040\000R\000e\000f\000e\000r\000e\000n\000c\000e}{chapter.3}% 18
\BOOKMARK [2][-]{subsection.3.5.1}{\376\377\0003\000.\0005\000.\0001\000\040\000D\000e\000t\000a\000i\000l\000e\000d\000\040\000D\000e\000s\000c\000r\000i\000p\000t\000i\000o\000n}{section.3.5}% 19
\BOOKMARK [1][-]{section.3.6}{\376\377\0003\000.\0006\000\040\000N\000e\000u\000r\000a\000l\000N\000e\000t\000w\000o\000r\000k\000\040\000C\000l\000a\000s\000s\000\040\000R\000e\000f\000e\000r\000e\000n\000c\000e}{chapter.3}% 20
\BOOKMARK [2][-]{subsection.3.6.1}{\376\377\0003\000.\0006\000.\0001\000\040\000D\000e\000t\000a\000i\000l\000e\000d\000\040\000D\000e\000s\000c\000r\000i\000p\000t\000i\000o\000n}{section.3.6}% 21
\BOOKMARK [2][-]{subsection.3.6.2}{\376\377\0003\000.\0006\000.\0002\000\040\000M\000e\000m\000b\000e\000r\000\040\000F\000u\000n\000c\000t\000i\000o\000n\000\040\000D\000o\000c\000u\000m\000e\000n\000t\000a\000t\000i\000o\000n}{section.3.6}% 22
\BOOKMARK [3][-]{subsubsection.3.6.2.1}{\376\377\0003\000.\0006\000.\0002\000.\0001\000\040\000f\000e\000e\000d\000f\000o\000r\000w\000a\000r\000d\000\050\000\051}{subsection.3.6.2}% 23
\BOOKMARK [3][-]{subsubsection.3.6.2.2}{\376\377\0003\000.\0006\000.\0002\000.\0002\000\040\000i\000n\000i\000t\000i\000a\000l\000i\000z\000e\000\137\000w\000e\000i\000g\000h\000t\000s\000\137\000a\000n\000d\000\137\000b\000i\000a\000s\000e\000s\000\050\000\051}{subsection.3.6.2}% 24
\BOOKMARK [3][-]{subsubsection.3.6.2.3}{\376\377\0003\000.\0006\000.\0002\000.\0003\000\040\000l\000o\000a\000d\000\137\000m\000o\000d\000e\000l\000\137\000f\000r\000o\000m\000\137\000f\000i\000l\000e\000\050\000\051}{subsection.3.6.2}% 25
\BOOKMARK [3][-]{subsubsection.3.6.2.4}{\376\377\0003\000.\0006\000.\0002\000.\0004\000\040\000s\000a\000v\000e\000\137\000m\000o\000d\000e\000l\000\137\000t\000o\000\137\000f\000i\000l\000e\000\050\000\051}{subsection.3.6.2}% 26
\BOOKMARK [3][-]{subsubsection.3.6.2.5}{\376\377\0003\000.\0006\000.\0002\000.\0005\000\040\000t\000e\000s\000t\000\137\000m\000o\000d\000e\000l\000\050\000\051}{subsection.3.6.2}% 27
\BOOKMARK [3][-]{subsubsection.3.6.2.6}{\376\377\0003\000.\0006\000.\0002\000.\0006\000\040\000t\000r\000a\000i\000n\000\050\000\051}{subsection.3.6.2}% 28
\BOOKMARK [0][-]{chapter.4}{\376\377\0004\000\040\000F\000i\000l\000e\000\040\000D\000o\000c\000u\000m\000e\000n\000t\000a\000t\000i\000o\000n}{}% 29
\BOOKMARK [1][-]{section.4.1}{\376\377\0004\000.\0001\000\040\000N\000e\000u\000r\000a\000l\000N\000e\000t\000w\000o\000r\000k\000P\000r\000o\000j\000e\000c\000t\000F\000o\000C\000P\000/\000d\000a\000t\000a\000\137\000p\000r\000e\000p\000r\000o\000c\000e\000s\000s\000o\000r\000.\000h\000\040\000F\000i\000l\000e\000\040\000R\000e\000f\000e\000r\000e\000n\000c\000e}{chapter.4}% 30
\BOOKMARK [2][-]{subsection.4.1.1}{\376\377\0004\000.\0001\000.\0001\000\040\000D\000e\000t\000a\000i\000l\000e\000d\000\040\000D\000e\000s\000c\000r\000i\000p\000t\000i\000o\000n}{section.4.1}% 31
\BOOKMARK [1][-]{section.4.2}{\376\377\0004\000.\0002\000\040\000d\000a\000t\000a\000\137\000p\000r\000e\000p\000r\000o\000c\000e\000s\000s\000o\000r\000.\000h}{chapter.4}% 32
\BOOKMARK [1][-]{section.4.3}{\376\377\0004\000.\0003\000\040\000N\000e\000u\000r\000a\000l\000N\000e\000t\000w\000o\000r\000k\000P\000r\000o\000j\000e\000c\000t\000F\000o\000C\000P\000/\000d\000i\000s\000p\000l\000a\000y\000.\000h\000\040\000F\000i\000l\000e\000\040\000R\000e\000f\000e\000r\000e\000n\000c\000e}{chapter.4}% 33
\BOOKMARK [2][-]{subsection.4.3.1}{\376\377\0004\000.\0003\000.\0001\000\040\000D\000e\000t\000a\000i\000l\000e\000d\000\040\000D\000e\000s\000c\000r\000i\000p\000t\000i\000o\000n}{section.4.3}% 34
\BOOKMARK [2][-]{subsection.4.3.2}{\376\377\0004\000.\0003\000.\0002\000\040\000F\000u\000n\000c\000t\000i\000o\000n\000\040\000D\000o\000c\000u\000m\000e\000n\000t\000a\000t\000i\000o\000n}{section.4.3}% 35
\BOOKMARK [3][-]{subsubsection.4.3.2.1}{\376\377\0004\000.\0003\000.\0002\000.\0001\000\040\000p\000r\000i\000n\000t\000\137\000f\000e\000e\000d\000f\000o\000r\000w\000a\000r\000d\000\137\000o\000u\000t\000p\000u\000t\000\050\000\051}{subsection.4.3.2}% 36
\BOOKMARK [3][-]{subsubsection.4.3.2.2}{\376\377\0004\000.\0003\000.\0002\000.\0002\000\040\000p\000r\000i\000n\000t\000\137\000h\000e\000a\000d\000e\000r\000\050\000\051}{subsection.4.3.2}% 37
\BOOKMARK [3][-]{subsubsection.4.3.2.3}{\376\377\0004\000.\0003\000.\0002\000.\0003\000\040\000p\000r\000i\000n\000t\000\137\000v\000e\000c\000t\000o\000r\000\050\000\051}{subsection.4.3.2}% 38
\BOOKMARK [1][-]{section.4.4}{\376\377\0004\000.\0004\000\040\000d\000i\000s\000p\000l\000a\000y\000.\000h}{chapter.4}% 39
\BOOKMARK [1][-]{section.4.5}{\376\377\0004\000.\0005\000\040\000N\000e\000u\000r\000a\000l\000N\000e\000t\000w\000o\000r\000k\000P\000r\000o\000j\000e\000c\000t\000F\000o\000C\000P\000/\000f\000i\000l\000e\000\137\000d\000a\000t\000a\000\137\000o\000p\000e\000r\000a\000t\000i\000o\000n\000s\000.\000h\000\040\000F\000i\000l\000e\000\040\000R\000e\000f\000e\000r\000e\000n\000c\000e}{chapter.4}% 40
\BOOKMARK [2][-]{subsection.4.5.1}{\376\377\0004\000.\0005\000.\0001\000\040\000D\000e\000t\000a\000i\000l\000e\000d\000\040\000D\000e\000s\000c\000r\000i\000p\000t\000i\000o\000n}{section.4.5}% 41
\BOOKMARK [2][-]{subsection.4.5.2}{\376\377\0004\000.\0005\000.\0002\000\040\000F\000u\000n\000c\000t\000i\000o\000n\000\040\000D\000o\000c\000u\000m\000e\000n\000t\000a\000t\000i\000o\000n}{section.4.5}% 42
\BOOKMARK [3][-]{subsubsection.4.5.2.1}{\376\377\0004\000.\0005\000.\0002\000.\0001\000\040\000g\000e\000t\000\137\000f\000l\000o\000a\000t\000s\000\137\000f\000r\000o\000m\000\137\000l\000i\000n\000e\000\050\000\051}{subsection.4.5.2}% 43
\BOOKMARK [3][-]{subsubsection.4.5.2.2}{\376\377\0004\000.\0005\000.\0002\000.\0002\000\040\000g\000e\000t\000\137\000s\000t\000r\000i\000n\000g\000s\000\137\000f\000r\000o\000m\000\137\000l\000i\000n\000e\000\050\000\051}{subsection.4.5.2}% 44
\BOOKMARK [3][-]{subsubsection.4.5.2.3}{\376\377\0004\000.\0005\000.\0002\000.\0003\000\040\000l\000o\000a\000d\000\137\000v\000e\000c\000t\000o\000r\000\137\000f\000r\000o\000m\000\137\000f\000i\000l\000e\000\050\000\051\000\040\000[\0001\000/\0003\000]}{subsection.4.5.2}% 45
\BOOKMARK [3][-]{subsubsection.4.5.2.4}{\376\377\0004\000.\0005\000.\0002\000.\0004\000\040\000l\000o\000a\000d\000\137\000v\000e\000c\000t\000o\000r\000\137\000f\000r\000o\000m\000\137\000f\000i\000l\000e\000\050\000\051\000\040\000[\0002\000/\0003\000]}{subsection.4.5.2}% 46
\BOOKMARK [3][-]{subsubsection.4.5.2.5}{\376\377\0004\000.\0005\000.\0002\000.\0005\000\040\000l\000o\000a\000d\000\137\000v\000e\000c\000t\000o\000r\000\137\000f\000r\000o\000m\000\137\000f\000i\000l\000e\000\050\000\051\000\040\000[\0003\000/\0003\000]}{subsection.4.5.2}% 47
\BOOKMARK [3][-]{subsubsection.4.5.2.6}{\376\377\0004\000.\0005\000.\0002\000.\0006\000\040\000p\000a\000r\000s\000e\000C\000S\000V\000\050\000\051}{subsection.4.5.2}% 48
\BOOKMARK [3][-]{subsubsection.4.5.2.7}{\376\377\0004\000.\0005\000.\0002\000.\0007\000\040\000s\000a\000v\000e\000\137\000v\000e\000c\000t\000o\000r\000\137\000t\000o\000\137\000f\000i\000l\000e\000\050\000\051\000\040\000[\0001\000/\0003\000]}{subsection.4.5.2}% 49
\BOOKMARK [3][-]{subsubsection.4.5.2.8}{\376\377\0004\000.\0005\000.\0002\000.\0008\000\040\000s\000a\000v\000e\000\137\000v\000e\000c\000t\000o\000r\000\137\000t\000o\000\137\000f\000i\000l\000e\000\050\000\051\000\040\000[\0002\000/\0003\000]}{subsection.4.5.2}% 50
\BOOKMARK [3][-]{subsubsection.4.5.2.9}{\376\377\0004\000.\0005\000.\0002\000.\0009\000\040\000s\000a\000v\000e\000\137\000v\000e\000c\000t\000o\000r\000\137\000t\000o\000\137\000f\000i\000l\000e\000\050\000\051\000\040\000[\0003\000/\0003\000]}{subsection.4.5.2}% 51
\BOOKMARK [1][-]{section.4.6}{\376\377\0004\000.\0006\000\040\000f\000i\000l\000e\000\137\000d\000a\000t\000a\000\137\000o\000p\000e\000r\000a\000t\000i\000o\000n\000s\000.\000h}{chapter.4}% 52
\BOOKMARK [1][-]{section.4.7}{\376\377\0004\000.\0007\000\040\000N\000e\000u\000r\000a\000l\000N\000e\000t\000w\000o\000r\000k\000P\000r\000o\000j\000e\000c\000t\000F\000o\000C\000P\000/\000m\000a\000t\000h\000\137\000f\000u\000n\000c\000t\000i\000o\000n\000s\000.\000h\000\040\000F\000i\000l\000e\000\040\000R\000e\000f\000e\000r\000e\000n\000c\000e}{chapter.4}% 53
\BOOKMARK [2][-]{subsection.4.7.1}{\376\377\0004\000.\0007\000.\0001\000\040\000D\000e\000t\000a\000i\000l\000e\000d\000\040\000D\000e\000s\000c\000r\000i\000p\000t\000i\000o\000n}{section.4.7}% 54
\BOOKMARK [2][-]{subsection.4.7.2}{\376\377\0004\000.\0007\000.\0002\000\040\000F\000u\000n\000c\000t\000i\000o\000n\000\040\000D\000o\000c\000u\000m\000e\000n\000t\000a\000t\000i\000o\000n}{section.4.7}% 55
\BOOKMARK [3][-]{subsubsection.4.7.2.1}{\376\377\0004\000.\0007\000.\0002\000.\0001\000\040\000c\000r\000o\000s\000s\000\137\000e\000n\000t\000r\000o\000p\000y\000\050\000\051}{subsection.4.7.2}% 56
\BOOKMARK [3][-]{subsubsection.4.7.2.2}{\376\377\0004\000.\0007\000.\0002\000.\0002\000\040\000c\000r\000o\000s\000s\000\137\000e\000n\000t\000r\000o\000p\000y\000\137\000d\000e\000r\000i\000v\000a\000t\000i\000v\000e\000\050\000\051}{subsection.4.7.2}% 57
\BOOKMARK [3][-]{subsubsection.4.7.2.3}{\376\377\0004\000.\0007\000.\0002\000.\0003\000\040\000m\000e\000a\000n\000\137\000s\000q\000u\000a\000r\000e\000d\000\137\000e\000r\000r\000o\000r\000\050\000\051}{subsection.4.7.2}% 58
\BOOKMARK [3][-]{subsubsection.4.7.2.4}{\376\377\0004\000.\0007\000.\0002\000.\0004\000\040\000m\000e\000a\000n\000\137\000s\000q\000u\000a\000r\000e\000d\000\137\000e\000r\000r\000o\000r\000\137\000d\000e\000r\000i\000v\000a\000t\000i\000v\000e\000\050\000\051}{subsection.4.7.2}% 59
\BOOKMARK [3][-]{subsubsection.4.7.2.5}{\376\377\0004\000.\0007\000.\0002\000.\0005\000\040\000m\000t\000a\000n\000h\000\050\000\051}{subsection.4.7.2}% 60
\BOOKMARK [3][-]{subsubsection.4.7.2.6}{\376\377\0004\000.\0007\000.\0002\000.\0006\000\040\000m\000t\000a\000n\000h\000\137\000d\000e\000r\000i\000v\000a\000t\000i\000v\000e\000\050\000\051}{subsection.4.7.2}% 61
\BOOKMARK [3][-]{subsubsection.4.7.2.7}{\376\377\0004\000.\0007\000.\0002\000.\0007\000\040\000r\000e\000l\000u\000\050\000\051}{subsection.4.7.2}% 62
\BOOKMARK [3][-]{subsubsection.4.7.2.8}{\376\377\0004\000.\0007\000.\0002\000.\0008\000\040\000r\000e\000l\000u\000\137\000d\000e\000r\000i\000v\000a\000t\000i\000v\000e\000\050\000\051}{subsection.4.7.2}% 63
\BOOKMARK [3][-]{subsubsection.4.7.2.9}{\376\377\0004\000.\0007\000.\0002\000.\0009\000\040\000s\000i\000g\000m\000o\000i\000d\000\050\000\051}{subsection.4.7.2}% 64
\BOOKMARK [3][-]{subsubsection.4.7.2.10}{\376\377\0004\000.\0007\000.\0002\000.\0001\0000\000\040\000s\000i\000g\000m\000o\000i\000d\000\137\000d\000e\000r\000i\000v\000a\000t\000i\000v\000e\000\050\000\051}{subsection.4.7.2}% 65
\BOOKMARK [1][-]{section.4.8}{\376\377\0004\000.\0008\000\040\000m\000a\000t\000h\000\137\000f\000u\000n\000c\000t\000i\000o\000n\000s\000.\000h}{chapter.4}% 66
\BOOKMARK [1][-]{section.4.9}{\376\377\0004\000.\0009\000\040\000N\000e\000u\000r\000a\000l\000N\000e\000t\000w\000o\000r\000k\000P\000r\000o\000j\000e\000c\000t\000F\000o\000C\000P\000/\000n\000e\000u\000r\000a\000l\000\137\000n\000e\000t\000w\000o\000r\000k\000.\000h\000\040\000F\000i\000l\000e\000\040\000R\000e\000f\000e\000r\000e\000n\000c\000e}{chapter.4}% 67
\BOOKMARK [2][-]{subsection.4.9.1}{\376\377\0004\000.\0009\000.\0001\000\040\000D\000e\000t\000a\000i\000l\000e\000d\000\040\000D\000e\000s\000c\000r\000i\000p\000t\000i\000o\000n}{section.4.9}% 68
\BOOKMARK [1][-]{section.4.10}{\376\377\0004\000.\0001\0000\000\040\000n\000e\000u\000r\000a\000l\000\137\000n\000e\000t\000w\000o\000r\000k\000.\000h}{chapter.4}% 69
\BOOKMARK [1][-]{section.4.11}{\376\377\0004\000.\0001\0001\000\040\000r\000e\000s\000o\000u\000r\000c\000e\000.\000h}{chapter.4}% 70
\BOOKMARK [1][-]{section.4.12}{\376\377\0004\000.\0001\0002\000\040\000r\000e\000s\000o\000u\000r\000c\000e\000.\000h}{chapter.4}% 71
\BOOKMARK [1][-]{section.4.13}{\376\377\0004\000.\0001\0003\000\040\000p\000c\000h\000.\000h}{chapter.4}% 72
